// Jest Snapshot v1, https://goo.gl/fbAQLP

exports[`snapshots 1`] = `
Array [
  <img
    alt="logo"
    className="logo"
    src="Styleandliving_Icon.webp"
  />,
  <div
    className="axioscontainer"
    data-testid="imagediv"
    onClick={[Function]}
  />,
]
`;
